[2026-09-12T15:19:13.052Z] 生成失败: simulation failed: handler returned false (seed 1739518468)
[2026-09-12T15:19:14.526Z] 生成失败: simulation failed: handler returned false (seed 1739518468)
[2026-09-12T15:19:18.712Z] 生成失败: simulation failed: handler returned false (seed 1739518468)
[2026-09-12T15:19:19.812Z] 生成失败: simulation failed: handler returned false (seed 1739518468)
[2026-09-12T15:19:57.412Z] 生成失败: simulation failed: handler returned false (seed 42)
[2026-09-12T15:20:09.226Z] 生成失败: simulation failed: handler returned false (seed 42)
[2026-09-12T15:20:09.272Z] 生成失败: simulation failed: handler returned false (seed 42)
[2026-09-12T15:20:09.337Z] 生成失败: simulation failed: handler returned false (seed 42)
[2026-09-12T15:20:09.942Z] 生成失败: simulation failed: handler returned false (seed 42)
[2026-09-12T15:20:12.237Z] 生成失败: simulation failed: handler returned false (seed 42)
[2026-09-12T15:20:21.274Z] 生成失败: simulation failed: handler returned false (seed 118286919)
[2026-09-12T15:20:25.929Z] 生成失败: simulation failed: handler returned false (seed -429354517)
[2026-09-12T15:20:27.120Z] 生成失败: simulation failed: handler returned false (seed -1731920204)
[2026-09-12T15:20:27.475Z] 生成失败: simulation failed: handler returned false (seed 1012409817)
[2026-09-12T15:20:27.954Z] 生成失败: simulation failed: handler returned false (seed 430612618)
[2026-09-12T15:20:29.656Z] 生成失败: simulation failed: handler returned false (seed 430612618)
[2026-09-12T15:20:31.256Z] 生成失败: simulation failed: handler returned false (seed 430612618)
[2026-09-12T15:20:31.723Z] 生成失败: simulation failed: handler returned false (seed -780224623)
[2026-09-12T15:20:33.074Z] 生成失败: simulation failed: handler returned false (seed -2118790895)
[2026-09-12T15:20:41.716Z] 生成失败: simulation failed: handler returned false (seed -208752712)
[2026-09-12T15:20:55.077Z] 生成失败: simulation failed: handler returned false (seed -1321728940)
[2026-09-12T15:20:56.174Z] 生成失败: simulation failed: handler returned false (seed -1737352755)
[2026-09-12T15:20:56.531Z] 生成失败: simulation failed: handler returned false (seed 213365282)
[2026-09-12T15:20:56.776Z] 生成失败: simulation failed: handler returned false (seed -1813476698)
[2026-09-12T15:20:56.941Z] 生成失败: simulation failed: handler returned false (seed 1146437556)
[2026-09-12T15:20:57.099Z] 生成失败: simulation failed: handler returned false (seed 2135887678)
[2026-09-12T15:20:57.246Z] 生成失败: simulation failed: handler returned false (seed -736227421)
[2026-09-12T15:20:57.401Z] 生成失败: simulation failed: handler returned false (seed -878050988)
[2026-09-12T15:20:57.577Z] 生成失败: simulation failed: handler returned false (seed -1844173617)
[2026-09-12T15:20:57.730Z] 生成失败: simulation failed: handler returned false (seed 430181668)
[2026-09-12T15:20:59.215Z] 生成失败: simulation failed: handler returned false (seed 430181668)
[2026-09-12T15:20:59.451Z] 生成失败: simulation failed: handler returned false (seed -57852937)
[2026-09-12T15:20:59.638Z] 生成失败: simulation failed: handler returned false (seed 1367524351)
[2026-09-12T15:20:59.870Z] 生成失败: simulation failed: handler returned false (seed 2000328925)
[2026-09-12T15:21:00.058Z] 生成失败: simulation failed: handler returned false (seed -1891448269)
[2026-09-12T15:21:00.235Z] 生成失败: simulation failed: handler returned false (seed 563377946)
[2026-09-12T15:21:00.623Z] 生成失败: simulation failed: handler returned false (seed -1986213171)
[2026-09-12T15:21:00.767Z] 生成失败: simulation failed: handler returned false (seed -1941739112)
[2026-09-12T15:21:01.226Z] 生成失败: simulation failed: handler returned false (seed -269371449)
[2026-09-12T15:21:01.472Z] 生成失败: simulation failed: handler returned false (seed -117921071)
[2026-09-12T15:21:01.644Z] 生成失败: simulation failed: handler returned false (seed 234620183)
[2026-09-12T15:21:01.833Z] 生成失败: simulation failed: handler returned false (seed -457636959)
[2026-09-12T15:21:02.055Z] 生成失败: simulation failed: handler returned false (seed 1445753105)
[2026-09-12T15:21:02.354Z] 生成失败: simulation failed: handler returned false (seed 102972143)
[2026-09-12T15:21:17.580Z] 生成失败: simulation failed: handler returned false (seed 1195302237)
[2026-09-12T15:21:20.128Z] 生成失败: simulation failed: handler returned false (seed 1195302237)
[2026-09-12T15:21:26.942Z] 生成失败: simulation failed: handler returned false (seed -1610616304)
[2026-09-12T15:21:43.305Z] 生成失败: simulation failed: handler returned false (seed 1979748296)
[2026-09-12T15:21:44.611Z] 生成失败: simulation failed: handler returned false (seed 487120791)
[2026-09-12T15:21:45.066Z] 生成失败: simulation failed: handler returned false (seed -1355837812)
[2026-09-12T15:21:54.201Z] 生成失败: simulation failed: handler returned false (seed 1020775160)
[2026-09-12T15:21:55.280Z] 生成失败: simulation failed: handler returned false (seed -1173342407)
[2026-09-12T15:21:56.353Z] 生成失败: simulation failed: handler returned false (seed -87460261)
[2026-09-12T15:21:57.262Z] 生成失败: simulation failed: handler returned false (seed -1043432376)
[2026-09-12T15:22:03.634Z] 生成失败: simulation failed: handler returned false (seed 1663877621)
[2026-09-12T15:22:04.146Z] 生成失败: simulation failed: handler returned false (seed -511350677)
[2026-09-12T15:22:14.238Z] 生成失败: simulation failed: handler returned false (seed 475115206)
[2026-09-12T15:25:50.140Z] error: Aborted(OOM). Build with -sASSERTIONS for more info.
[2026-09-12T15:25:51.076Z] error: Aborted(OOM). Build with -sASSERTIONS for more info.
[2026-09-12T15:25:52.892Z] error: Aborted(OOM). Build with -sASSERTIONS for more info.
[2026-09-12T15:25:54.132Z] error: Aborted(OOM). Build with -sASSERTIONS for more info.
[2026-09-12T15:25:54.648Z] error: Aborted(OOM). Build with -sASSERTIONS for more info.
[2026-09-12T15:25:57.094Z] error: Aborted(OOM). Build with -sASSERTIONS for more info.
[2026-09-12T15:25:57.813Z] error: Aborted(OOM). Build with -sASSERTIONS for more info.
[2026-09-12T15:27:05.945Z] JSON 解析失败: Expected double-quoted property name in JSON at position 2490 (line 79 column 17) (line 79)
[2026-09-12T15:27:07.721Z] 诊断[error]: provider configuration: acacia_trunk branch_canopy must contain acacia_canopy
seed -1934383609)
[2026-09-12T15:27:11.766Z] JSON 解析失败: Expected double-quoted property name in JSON at position 2490 (line 79 column 17) (line 79)
[2026-09-16T09:03:36.501Z] 生成失败: document is missing minecraft:tree_feature (seed 42)
[2026-09-16T09:03:36.538Z] 诊断[error]: document is missing minecraft:tree_feature
[2026-09-16T09:03:36.542Z] 生成失败: document is missing minecraft:tree_feature (seed 42)
[2026-09-16T09:03:36.610Z] 诊断[error]: document is missing minecraft:tree_feature
[2026-09-16T09:03:36.612Z] 生成失败: document is missing minecraft:tree_feature (seed 42)
[2026-09-16T09:03:37.559Z] 诊断[error]: document is missing minecraft:tree_feature
[2026-09-16T09:03:37.560Z] 生成失败: document is missing minecraft:tree_feature (seed 42)
[2026-09-16T09:05:43.695Z] JSON 解析失败: Unexpected token ']', ...",
        ],
       "... is not valid JSON
[2026-09-16T09:05:45.310Z] JSON 解析失败: Unexpected token ']', ...",
        ],
       "... is not valid JSON
[2026-09-16T09:05:49.762Z] JSON 解析失败: Unexpected token ']', ...",
        ],
       "... is not valid JSON
[2026-09-16T09:06:04.081Z] 生成失败: provider configuration: base_blocks must not be empty (seed 42)
[2026-09-16T09:06:05.634Z] 生成失败: provider configuration: base_blocks must not be empty (seed 42)
[2026-09-16T09:06:06.169Z] 生成失败: provider configuration: base_blocks must not be empty (seed 42)
[2026-09-16T09:06:06.441Z] 诊断[error]: provider configuration: base_blocks must not be empty
[2026-09-16T09:06:07.472Z] 诊断[error]: provider configuration: base_blocks must not be empty
seed 42)
[2026-09-16T09:06:11.369Z] JSON 解析失败: Bad control character in string literal in JSON at position 2754 (line 87 column 25) (line 87)
[2026-09-16T09:06:12.983Z] JSON 解析失败: Bad control character in string literal in JSON at position 2754 (line 87 column 25) (line 87)
[2026-09-16T09:06:13.593Z] JSON 解析失败: Bad control character in string literal in JSON at position 2754 (line 87 column 25) (line 87)
[2026-09-16T09:06:14.639Z] JSON 解析失败: Bad control character in string literal in JSON at position 2754 (line 87 column 25) (line 87)
[2026-09-16T09:06:15.113Z] JSON 解析失败: Bad control character in string literal in JSON at position 2754 (line 87 column 25) (line 87)
[2026-09-16T09:06:15.387Z] JSON 解析失败: Bad control character in string literal in JSON at position 2754 (line 87 column 25) (line 87)
[2026-09-16T09:06:15.524Z] 诊断[error]: provider configuration: base_blocks must not be empty
seed 42)
[2026-09-16T09:06:15.831Z] 诊断[error]: provider configuration: base_blocks must not be empty
seed 42)
